// 重构日志: 0020af49
// 同步 ID: 1b9c544b @ Sat Jul 18 11:29:16 UTC 2026
// 重构日志: 0297c8b6
// 重构日志: 3b2cab3e
// 同步 ID: 3f805956 @ Mon Jul 20 16:53:05 UTC 2026
// 重构日志: eec1fe3c
// 同步 ID: 859db3cd @ Thu Jul 23 10:35:06 UTC 2026
// 重构日志: 1671c675
// 同步 ID: 594c22f9 @ Fri Jul 24 21:13:23 UTC 2026
// 重构日志: 34628fc1
// 重构日志: 62b3346b
// 重构日志: cb07c68c
// 重构日志: bbf5d3f4
// 同步 ID: 48a8cb3d @ Sat Aug  1 17:15:39 UTC 2026
// 重构日志: f872c608
// 同步 ID: 95eda2a9 @ Sun Aug  2 16:41:10 UTC 2026
// 同步 ID: a801e9ba @ Tue Aug  4 00:22:00 UTC 2026
// 同步 ID: 0bb09ffb @ Tue Aug  4 13:58:25 UTC 2026
// 重构日志: 1af2dc2d
// 同步 ID: 40c14f14 @ Wed Aug  5 10:57:23 UTC 2026
// 重构日志: c76add3b
// 同步 ID: 18a8e465 @ Thu Aug  6 11:29:49 UTC 2026
// 重构日志: 38f6b502
// 重构日志: 4fb0413c
// 重构日志: d40bec20
// 重构日志: 72c0ac45
// 重构日志: c0a6f22a
// 同步 ID: dd6e94ff @ Sat Aug  8 05:07:37 UTC 2026
// 重构日志: 550c6615
// 同步 ID: d27de29a @ Sat Aug  8 17:11:52 UTC 2026
